
qqcer@DESKTOP-TID62CT MINGW64 ~/Desktop/learn_git (master)
$ git init
Reinitialized existing Git repository in C:/Users/qqcer/Desktop/learn_git/.git/

qqcer@DESKTOP-TID62CT MINGW64 ~/Desktop/learn_git (master)
$ cd ~/Desktop/learn_git

qqcer@DESKTOP-TID62CT MINGW64 ~/Desktop/learn_git (master)
$ git add third.txt

qqcer@DESKTOP-TID62CT MINGW64 ~/Desktop/learn_git (master)
$ git status
On branch master

No commits yet

nothing to commit (create/copy files and use "git add" to track)

qqcer@DESKTOP-TID62CT MINGW64 ~/Desktop/learn_git (master)
$ git commit -m "adding third.txt"
On branch master

Initial commit

nothing to commit (create/copy files and use "git add" to track)

qqcer@DESKTOP-TID62CT MINGW64 ~/Desktop/learn_git (master)
$ git log
fatal: your current branch 'master' does not have any commits yet

qqcer@DESKTOP-TID62CT MINGW64 ~/Desktop/learn_git (master)
$ touch fourth.txt

qqcer@DESKTOP-TID62CT MINGW64 ~/Desktop/learn_git (master)
$ git commit -m "adding fourth.txt"
On branch master

Initial commit

Untracked files:
  (use "git add <file>..." to include in what will be committed)
        fourth.txt

nothing added to commit but untracked files present (use "git add" to track)

qqcer@DESKTOP-TID62CT MINGW64 ~/Desktop/learn_git (master)
$ git add fourth.txt

qqcer@DESKTOP-TID62CT MINGW64 ~/Desktop/learn_git (master)
$ git commit -m "adding fourth.txt"
[master (root-commit) e70c49a] adding fourth.txt
 1 file changed, 0 insertions(+), 0 deletions(-)
 create mode 100644 fourth.txt

qqcer@DESKTOP-TID62CT MINGW64 ~/Desktop/learn_git (master)
$ git rm third.txt
fatal: pathspec 'third.txt' did not match any files

qqcer@DESKTOP-TID62CT MINGW64 ~/Desktop/learn_git (master)
$ git rm third.txt
fatal: pathspec 'third.txt' did not match any files

qqcer@DESKTOP-TID62CT MINGW64 ~/Desktop/learn_git (master)
$ git rm third.txt
fatal: pathspec 'third.txt' did not match any files

qqcer@DESKTOP-TID62CT MINGW64 ~/Desktop/learn_git (master)
$ git add
Nothing specified, nothing added.
hint: Maybe you wanted to say 'git add .'?
hint: Turn this message off by running
hint: "git config advice.addEmptyPathspec false"

qqcer@DESKTOP-TID62CT MINGW64 ~/Desktop/learn_git (master)
$ git status
On branch master
Untracked files:
  (use "git add <file>..." to include in what will be committed)
        third.txt.txt

nothing added to commit but untracked files present (use "git add" to track)

qqcer@DESKTOP-TID62CT MINGW64 ~/Desktop/learn_git (master)
$ git commit -m "removing third.txt"
On branch master
Untracked files:
  (use "git add <file>..." to include in what will be committed)
        third.txt.txt

nothing added to commit but untracked files present (use "git add" to track)

qqcer@DESKTOP-TID62CT MINGW64 ~/Desktop/learn_git (master)
$ git log
commit e70c49a1c9d2229c35b2eb7c7ec6f613c1231d61 (HEAD -> master)
Author: lahmar16 <abdallah.lahmar@hotmail.com>
Date:   Thu Aug 17 01:39:23 2023 +0100

    adding fourth.txt

qqcer@DESKTOP-TID62CT MINGW64 ~/Desktop/learn_git (master)
$ git config --global core.pager cat

qqcer@DESKTOP-TID62CT MINGW64 ~/Desktop/learn_git (master)
$ git config --global core.page=cat
error: invalid key: core.page=cat

qqcer@DESKTOP-TID62CT MINGW64 ~/Desktop/learn_git (master)
$ git config --global core.pager cat

qqcer@DESKTOP-TID62CT MINGW64 ~/Desktop/learn_git (master)
$ git config --global --list
user.email=abdallah.lahmar@hotmail.com
user.name=lahmar16
core.pager=cat

qqcer@DESKTOP-TID62CT MINGW64 ~/Desktop/learn_git (master)
